================================================================================
Дата
================================================================================
2026-07-29 09:28:46.790294

================================================================================
Запрос пользователя
================================================================================
нарисуй круг радиусом 20

================================================================================
Определенная деталь
================================================================================
Пластина

================================================================================
Полный промпт
================================================================================

Ты являешься генератором Python-кода для Siemens NX.

Твоя задача — написать готовый Python-файл.

Для построения необходимо использовать библиотеку nx_primitives.

Использовать NXOpen напрямую разрешается только для получения Session и WorkPart.

Далее использовать только классы библиотеки nx_primitives.

Ты получаешь:

1. Общие правила.
2. Описание детали.
3. Информацию о библиотеке nx_primitives (код всех файлов).
4. Запрос пользователя.

Используй только классы, которые существуют в библиотеке.

Не придумывай новые классы.

Не изменяй интерфейс существующих классов.

Не изменяй библиотеку.

Если необходимого класса нет, использовать его запрещено.

Ответ должен содержать только Python-код.

ВАЖНО: В начале файла обязательно добавь:

import sys
import os

project_path = r'<ПУТЬ_К_ПРОЕКТУ>'
if project_path not in sys.path:
    sys.path.insert(0, project_path)

import NXOpen
from nx_primitives import Rectangle, Extrude, Hide  # и другие нужные классы

Запрещено:

- Markdown
- ```python
- пояснения
- комментарии вне кода
- любой текст до или после кода

Ответ должен быть готовым исполняемым Python-файлом.

============================================================

ОБЩИЕ ПРАВИЛА

============================================================

Все детали строятся при помощи библиотеки nx_primitives.

Правила:

1.
Использовать только классы библиотеки nx_primitives.

2.
Не использовать NXOpen API напрямую,
кроме получения Session и WorkPart.

3.
Все размеры задаются пользователем.

4.
Все профили должны быть полностью замкнуты.

5.
Все отверстия являются объектами Circle.

6.
Все отверстия должны располагаться внутри внешнего профиля.

7.
Все профили передаются в одну операцию Extrude.

8.
Создавать только одно тело.

9.
После построения необходимо скрыть все двумерные профили
при помощи Hide.

10.
Не использовать булевы операции.

11.
Не использовать операции вырезания.

12.
Не создавать дополнительные Extrude.

13.
Использовать только классы,
которые существуют в библиотеке nx_primitives.

14.
Если необходимого класса нет в библиотеке,
не придумывать его.

============================================================

ТИП ДЕТАЛИ

============================================================

Пластина

============================================================

ОПИСАНИЕ

============================================================


Пластина представляет собой тело постоянной толщины.

Алгоритм построения:

1.
Создать один внешний замкнутый профиль.

Допустимые профили:

- Rectangle
- Square
- Circle
- EquilateralTriangle
- Trapezoid

2.
Если имеются отверстия,
каждое отверстие создать отдельным объектом Circle.

Все отверстия должны быть переданы вместе с внешним профилем
в одну операцию Extrude.

Не создавать отдельные операции вырезания.

3.
Выполнить один Extrude.

Толщина задается пользователем.

4.
После Extrude скрыть все использованные профили
с помощью Hide.


============================================================

ОГРАНИЧЕНИЯ

============================================================

- использовать только библиотеку nx_primitives
- не использовать NXOpen напрямую, кроме получения Session и WorkPart
- использовать только один Extrude
- не создавать дополнительные тела
- не выполнять булевы операции
- не использовать операции вырезания
- после построения скрыть все профили


============================================================

ИНФОРМАЦИЯ О БИБЛИОТЕКЕ nx_primitives

============================================================


================================================================================
__init__.py
================================================================================

from .base import Profile
from .curves import Line, Circle
from .shapes import Rectangle, Square, EquilateralTriangle, Trapezoid
from .solid import Extrude
from .display import Hide

__all__ = [
    'Profile',
    'Line', 
    'Circle',
    'Rectangle',
    'Square',
    'EquilateralTriangle',
    'Trapezoid',
    'Extrude',
    'Hide'
]


================================================================================
base.py
================================================================================

from __future__ import annotations

from typing import Iterator

import NXOpen


class Profile:
    """
    Базовый класс всех двумерных профилей.
    """

    def __init__(self, curves: list[NXOpen.Curve]):

        self.curves = curves

    def __iter__(self) -> Iterator[NXOpen.Curve]:
        return iter(self.curves)

    def __len__(self) -> int:
        return len(self.curves)

    def __getitem__(self, index):
        return self.curves[index]


================================================================================
geometry.py
================================================================================

from math import sqrt
from typing import Tuple

Point = Tuple[float, float, float]


def rectangle_points(
    width: float,
    height: float,
    center=(0.0, 0.0)
) -> tuple[Point, Point, Point, Point]:

    cx, cy = center

    x1 = cx - width / 2
    x2 = cx + width / 2

    y1 = cy - height / 2
    y2 = cy + height / 2

    return (

        (x1, y1, 0.0),

        (x2, y1, 0.0),

        (x2, y2, 0.0),

        (x1, y2, 0.0)

    )


def equilateral_triangle_points(
    side: float,
    center=(0.0, 0.0)
) -> tuple[Point, Point, Point]:

    cx, cy = center

    h = side * sqrt(3) / 2

    return (

        (
            cx - side / 2,
            cy - h / 3,
            0.0
        ),

        (
            cx + side / 2,
            cy - h / 3,
            0.0
        ),

        (
            cx,
            cy + 2 * h / 3,
            0.0
        )

    )


def trapezoid_points(
    bottom: float,
    top: float,
    height: float,
    center=(0.0, 0.0)
) -> tuple[Point, Point, Point, Point]:

    cx, cy = center

    return (

        (
            cx - bottom / 2,
            cy - height / 2,
            0.0
        ),

        (
            cx + bottom / 2,
            cy - height / 2,
            0.0
        ),

        (
            cx + top / 2,
            cy + height / 2,
            0.0
        ),

        (
            cx - top / 2,
            cy + height / 2,
            0.0
        )

    )


================================================================================
curves.py
================================================================================

from __future__ import annotations

import math

import NXOpen
import NXOpen.Features
import NXOpen.GeometricUtilities

from .base import Profile


def _create_line_feature(
    workPart,
    start,
    end
):
    """
    Создает Feature линии.
    """

    length = math.sqrt(

        (end[0] - start[0]) ** 2 +
        (end[1] - start[1]) ** 2 +
        (end[2] - start[2]) ** 2

    )

    builder = workPart.BaseFeatures.CreateAssociativeLineBuilder(

        NXOpen.Features.AssociativeLine.Null

    )

    builder.StartPointOptions = (

        NXOpen.Features.AssociativeLineBuilder.StartOption.Point

    )

    builder.StartPointReference = (

        NXOpen.Features.AssociativeLineBuilder.StartReference.Absolute

    )

    builder.EndPointOptions = (

        NXOpen.Features.AssociativeLineBuilder.EndOption.Point

    )

    builder.EndPointReference = (

        NXOpen.Features.AssociativeLineBuilder.EndReference.Absolute

    )

    builder.StartAngle.SetFormula("0")

    builder.EndAngle.SetFormula("270")

    builder.Limits.StartLimit.Distance.SetFormula("0")

    builder.Limits.EndLimit.Distance.SetFormula(str(length))

    start_point = workPart.Points.CreatePoint(

        NXOpen.Point3d(*start)

    )

    end_point = workPart.Points.CreatePoint(

        NXOpen.Point3d(*end)

    )

    builder.StartPoint.Value = start_point

    builder.EndPoint.Value = end_point

    feature = builder.Commit()

    builder.Destroy()

    return feature


class Line(Profile):

    """
    Отрезок.
    """

    def __init__(
        self,
        workPart,
        start,
        end
    ):

        self.start = start
        self.end = end

        feature = _create_line_feature(

            workPart,
            start,
            end

        )

        curve = feature.FindObject("CURVE 1")

        self.feature = feature

        super().__init__([curve])


def _create_circle_feature(
    workPart,
    radius,
    center
):
    """
    Создает Feature окружности.
    """

    builder = workPart.BaseFeatures.CreateAssociativeArcBuilder(

        NXOpen.Features.AssociativeArc.Null

    )

    builder.Type = (

        NXOpen.Features.AssociativeArcBuilder.Types.ArcFromCenter

    )

    builder.EndPointOptions = (

        NXOpen.Features.AssociativeArcBuilder.EndOption.Radius

    )

    builder.Radius.SetFormula(str(radius))

    builder.Limits.FullCircle = True

    center_point = workPart.Points.CreatePoint(

        NXOpen.Point3d(

            center[0],
            center[1],
            0.0

        )

    )

    builder.CenterPoint.Value = center_point

    builder.CenterPointReference = (

        NXOpen.Features.AssociativeArcBuilder.CenterReference.Absolute

    )

    start_point = workPart.Points.CreatePoint(

        NXOpen.Point3d(

            center[0] + radius,
            center[1],
            0.0

        )

    )

    builder.StartPoint.Value = start_point

    builder.ZonePoint = NXOpen.Point3d(

        center[0] + radius * 0.9,

        center[1] + radius * 0.4,

        0.0

    )

    feature = builder.Commit()

    builder.Destroy()

    return feature


class Circle(Profile):

    """
    Окружность.
    """

    def __init__(
        self,
        workPart,
        radius,
        center=(0.0, 0.0)
    ):

        self.radius = radius

        self.center = center

        feature = _create_circle_feature(

            workPart,

            radius,

            center

        )

        curve = feature.FindObject("CURVE 1")

        self.feature = feature

        super().__init__([curve])


================================================================================
shapes.py
================================================================================

from __future__ import annotations

from .base import Profile
from .curves import Line
from .geometry import (
    rectangle_points,
    equilateral_triangle_points,
    trapezoid_points,
)


class Rectangle(Profile):
    """
    Прямоугольник.

    Parameters
    ----------
    width : float
        Ширина.

    height : float
        Высота.

    center : tuple(float, float)
        Координаты центра.
    """

    def __init__(
        self,
        workPart,
        width: float,
        height: float,
        center=(0.0, 0.0)
    ):

        self.width = width
        self.height = height
        self.center = center

        p1, p2, p3, p4 = rectangle_points(
            width,
            height,
            center
        )

        l1 = Line(workPart, p1, p2)
        l2 = Line(workPart, p2, p3)
        l3 = Line(workPart, p3, p4)
        l4 = Line(workPart, p4, p1)

        self.lines = [
            l1,
            l2,
            l3,
            l4
        ]

        curves = []

        for line in self.lines:
            curves.extend(line.curves)

        super().__init__(curves)


class Square(Rectangle):
    """
    Квадрат.
    """

    def __init__(
        self,
        workPart,
        side: float,
        center=(0.0, 0.0)
    ):

        self.side = side

        super().__init__(
            workPart,
            width=side,
            height=side,
            center=center
        )


class EquilateralTriangle(Profile):
    """
    Равносторонний треугольник.
    """

    def __init__(
        self,
        workPart,
        side: float,
        center=(0.0, 0.0)
    ):

        self.side = side
        self.center = center

        p1, p2, p3 = equilateral_triangle_points(
            side,
            center
        )

        l1 = Line(workPart, p1, p2)
        l2 = Line(workPart, p2, p3)
        l3 = Line(workPart, p3, p1)

        self.lines = [
            l1,
            l2,
            l3
        ]

        curves = []

        for line in self.lines:
            curves.extend(line.curves)

        super().__init__(curves)


class Trapezoid(Profile):
    """
    Равнобедренная трапеция.

    Parameters
    ----------
    bottom : float
        Нижнее основание.

    top : float
        Верхнее основание.

    height : float
        Высота.
    """

    def __init__(
        self,
        workPart,
        bottom: float,
        top: float,
        height: float,
        center=(0.0, 0.0)
    ):

        self.bottom = bottom
        self.top = top
        self.height = height
        self.center = center

        p1, p2, p3, p4 = trapezoid_points(
            bottom,
            top,
            height,
            center
        )

        l1 = Line(workPart, p1, p2)
        l2 = Line(workPart, p2, p3)
        l3 = Line(workPart, p3, p4)
        l4 = Line(workPart, p4, p1)

        self.lines = [
            l1,
            l2,
            l3,
            l4
        ]

        curves = []

        for line in self.lines:
            curves.extend(line.curves)

        super().__init__(curves)


================================================================================
solid.py
================================================================================

from __future__ import annotations

import NXOpen
import NXOpen.Features
import NXOpen.GeometricUtilities

from .base import Profile


class Extrude:
    """
    Вытягивание одного или нескольких профилей.

    Первый профиль считается внешним контуром.

    Остальные считаются внутренними контурами
    (например отверстиями).
    """

    def __init__(
        self,
        workPart,
        profiles: list[Profile],
        height: float,
        direction=(0.0, 0.0, 1.0)
    ):

        if len(profiles) == 0:
            raise ValueError("Не передано ни одного профиля.")

        self.workPart = workPart
        self.profiles = profiles
        self.height = height

        builder = workPart.Features.CreateExtrudeBuilder(
            NXOpen.Features.Feature.Null
        )

        section = workPart.Sections.CreateSection(
            0.01,
            0.01,
            0.5
        )

        builder.Section = section

        builder.AllowSelfIntersectingSection(True)

        builder.DistanceTolerance = 0.01

        builder.Limits.StartExtend.Value.SetFormula("0")

        builder.Limits.EndExtend.Value.SetFormula(str(height))

        builder.Draft.FrontDraftAngle.SetFormula("0")

        builder.Draft.BackDraftAngle.SetFormula("0")

        builder.Offset.StartOffset.SetFormula("0")

        builder.Offset.EndOffset.SetFormula("0")

        smart_profile = builder.SmartVolumeProfile

        smart_profile.OpenProfileSmartVolumeOption = False

        smart_profile.CloseProfileRule = (
            NXOpen.GeometricUtilities.
            SmartVolumeProfileBuilder.
            CloseProfileRuleType.Fci
        )

        section.DistanceTolerance = 0.01

        section.ChainingTolerance = 0.01

        section.AllowSelfIntersection(True)

        section.AllowDegenerateCurves(False)

        section.SetAllowedEntityTypes(

            NXOpen.Section.AllowTypes.OnlyCurves

        )

        rule_options = workPart.ScRuleFactory.CreateRuleOptions()

        rule_options.SetSelectedFromInactive(False)

        curves = []

        for profile in profiles:

            curves.extend(profile.curves)

        rule = workPart.ScRuleFactory.CreateRuleBaseCurveDumb(

            curves,

            rule_options

        )

        rule_options.Dispose()

        rules = [rule]

        section.AddToSection(

            rules,

            NXOpen.NXObject.Null,

            NXOpen.NXObject.Null,

            NXOpen.NXObject.Null,

            NXOpen.Point3d(0.0, 0.0, 0.0),

            NXOpen.Section.Mode.Create,

            False

        )

        origin = NXOpen.Point3d(0.0, 0.0, 0.0)

        vector = NXOpen.Vector3d(

            direction[0],

            direction[1],

            direction[2]

        )

        nx_direction = workPart.Directions.CreateDirection(

            origin,

            vector,

            NXOpen.SmartObject.UpdateOption.WithinModeling

        )

        builder.Direction = nx_direction

        builder.BooleanOperation.Type = (

            NXOpen.GeometricUtilities.

            BooleanOperation.BooleanType.Create

        )

        builder.BooleanOperation.SetTargetBodies([])

        builder.ParentFeatureInternal = False

        self.feature = builder.CommitFeature()

        builder.Destroy()


================================================================================
display.py
================================================================================

from __future__ import annotations

import NXOpen

from .base import Profile


class Hide:
    """
    Скрывает двумерные кривые профилей.
    """

    def __init__(
        self,
        session: NXOpen.Session,
        *profiles: Profile
    ):

        objects = []

        for profile in profiles:

            objects.extend(profile.curves)

        if objects:

            session.DisplayManager.BlankObjects(objects)



============================================================

ЗАПРОС ПОЛЬЗОВАТЕЛЯ

============================================================

нарисуй круг радиусом 20

============================================================

Напиши полностью готовый Python-файл.

Используй библиотеку nx_primitives.

Использовать NXOpen напрямую разрешается только для получения Session и WorkPart.

Не придумывай классы.

Не придумывай функции.

Используй только существующие классы библиотеки.

В начале файла обязательно добавь настройку путей и импорты:

import sys
import os

project_path = r'c:\\Users\\user\\Desktop\\AI_3D_NX_python_optimization_project'
if project_path not in sys.path:
    sys.path.insert(0, project_path)

import NXOpen
from nx_primitives import Rectangle, Extrude, Hide  # и другие нужные классы

Ответ должен содержать только Python-код.


================================================================================
Ответ модели
================================================================================
```python
import sys
import os

project_path = r'c:\\Users\\user\\Desktop\\AI_3D_NX_python_optimization_project'
if project_path not in sys.path:
    sys.path.insert(0, project_path)

import NXOpen
from nx_primitives import Circle, Extrude, Hide  # и другие нужные классы

def main():
    theSession = NXOpen.Session.GetSession()
    workPart = theSession.Parts.Work

    circle = Circle(workPart, radius=20.0)
    
    # Пример использования Extrude
    profiles = [circle]
    extrude = Extrude(workPart, profiles, height=50.0)

    # Пример использования Hide
    hide = Hide(theSession, circle)

if __name__ == "__main__":
    main()
```
